
68. Printing statistics.

=== SOC_flash ===

   Number of wires:               8384
   Number of wire bits:           8384
   Number of public wires:        1560
   Number of public wire bits:    1560
   Number of memories:               0
   Number of memory bits:            0
   Number of processes:              0
   Number of cells:               8380
     sky130_fd_sc_hd__a2111oi_0      3
     sky130_fd_sc_hd__a211o_1        4
     sky130_fd_sc_hd__a211oi_1      24
     sky130_fd_sc_hd__a21boi_0      10
     sky130_fd_sc_hd__a21o_1        20
     sky130_fd_sc_hd__a21oi_1      948
     sky130_fd_sc_hd__a221o_1        3
     sky130_fd_sc_hd__a221oi_1      24
     sky130_fd_sc_hd__a222oi_1       8
     sky130_fd_sc_hd__a22o_1        44
     sky130_fd_sc_hd__a22oi_1      139
     sky130_fd_sc_hd__a2bb2oi_1      5
     sky130_fd_sc_hd__a311oi_1       3
     sky130_fd_sc_hd__a31o_2         2
     sky130_fd_sc_hd__a31oi_1       20
     sky130_fd_sc_hd__a32o_1         4
     sky130_fd_sc_hd__a32oi_1        3
     sky130_fd_sc_hd__a41oi_1        1
     sky130_fd_sc_hd__and2_0         2
     sky130_fd_sc_hd__and3_1        21
     sky130_fd_sc_hd__and4_1         2
     sky130_fd_sc_hd__and4b_1        5
     sky130_fd_sc_hd__buf_1          3
     sky130_fd_sc_hd__buf_2         27
     sky130_fd_sc_hd__clkbuf_1     361
     sky130_fd_sc_hd__clkinv_1       1
     sky130_fd_sc_hd__dfrtp_1       36
     sky130_fd_sc_hd__dfxtp_1     1478
     sky130_fd_sc_hd__dlxtn_1       41
     sky130_fd_sc_hd__inv_1         66
     sky130_fd_sc_hd__inv_2         80
     sky130_fd_sc_hd__lpflow_clkbufkapwr_1    467
     sky130_fd_sc_hd__lpflow_clkinvkapwr_1      5
     sky130_fd_sc_hd__lpflow_inputiso0n_1     26
     sky130_fd_sc_hd__lpflow_isobufsrc_1     72
     sky130_fd_sc_hd__maj3_1        28
     sky130_fd_sc_hd__mux2_2        40
     sky130_fd_sc_hd__mux2i_1       72
     sky130_fd_sc_hd__mux4_2       533
     sky130_fd_sc_hd__nand2_1      864
     sky130_fd_sc_hd__nand2b_1      32
     sky130_fd_sc_hd__nand3_1       59
     sky130_fd_sc_hd__nand3b_1       5
     sky130_fd_sc_hd__nand4_1       11
     sky130_fd_sc_hd__nand4b_1       3
     sky130_fd_sc_hd__nor2_1      1221
     sky130_fd_sc_hd__nor2b_1       17
     sky130_fd_sc_hd__nor3_1        53
     sky130_fd_sc_hd__nor3b_1        9
     sky130_fd_sc_hd__nor4_1        19
     sky130_fd_sc_hd__nor4bb_1       3
     sky130_fd_sc_hd__o2111a_1       2
     sky130_fd_sc_hd__o2111ai_1      6
     sky130_fd_sc_hd__o211a_1        2
     sky130_fd_sc_hd__o211ai_1      41
     sky130_fd_sc_hd__o21a_1        18
     sky130_fd_sc_hd__o21ai_0      515
     sky130_fd_sc_hd__o21ai_1      464
     sky130_fd_sc_hd__o21bai_1       3
     sky130_fd_sc_hd__o221a_2        4
     sky130_fd_sc_hd__o221ai_1       4
     sky130_fd_sc_hd__o22a_1         4
     sky130_fd_sc_hd__o22ai_1       59
     sky130_fd_sc_hd__o2bb2ai_1      2
     sky130_fd_sc_hd__o311ai_0       5
     sky130_fd_sc_hd__o31a_1         1
     sky130_fd_sc_hd__o31ai_1       20
     sky130_fd_sc_hd__o32ai_1       35
     sky130_fd_sc_hd__o41a_1         1
     sky130_fd_sc_hd__or2_2         26
     sky130_fd_sc_hd__or3_1         10
     sky130_fd_sc_hd__or3b_2         1
     sky130_fd_sc_hd__or4_1          2
     sky130_fd_sc_hd__or4b_2         1
     sky130_fd_sc_hd__xnor2_1      145
     sky130_fd_sc_hd__xor2_1        82

   Chip area for module '\SOC_flash': 74229.942400

